
=== SIMULATION COMPLETED SUCCESSFULLY ===
